· single  clean                  4 findings, 4 unmatched, 1 calls, 8.8s
+ single  vfb-vbst-swap          6 findings, 5 unmatched, 1 calls, 5.3s
+ single  stepper-common-open    4 findings, 3 unmatched, 1 calls, 4.7s
- single  servo-power-end-pin    1 findings, 1 unmatched, 1 calls, 5.9s
+ single  ultrasonic-crossed     7 findings, 6 unmatched, 1 calls, 7.4s
+ single  stepper-in4-floating   6 findings, 5 unmatched, 1 calls, 7.5s
- single  unbuildable-value      4 findings, 4 unmatched, 1 calls, 7.9s
+ single  ground-stranded        7 findings, 6 unmatched, 1 calls, 9.3s
· graph   clean                  6 findings, 6 unmatched, 4 calls, 21.3s
+ graph   vfb-vbst-swap          6 findings, 5 unmatched, 4 calls, 18.0s
+ graph   stepper-common-open    8 findings, 7 unmatched, 4 calls, 24.8s
+ graph   servo-power-end-pin    11 findings, 10 unmatched, 4 calls, 20.1s
+ graph   ultrasonic-crossed     11 findings, 10 unmatched, 4 calls, 26.4s
+ graph   stepper-in4-floating   12 findings, 11 unmatched, 4 calls, 23.5s
- graph   unbuildable-value      11 findings, 11 unmatched, 8 calls, 37.4s
+ graph   ground-stranded        7 findings, 6 unmatched, 4 calls, 24.4s

board                 graph                 single                
------------------------------------------------------------------
clean                 clean, 6 other        clean, 4 other        
vfb-vbst-swap         caught, 5 other       caught, 5 other       
stepper-common-open   caught, 7 other       caught, 3 other       
servo-power-end-pin   caught, 10 other      MISSED, 1 other       
ultrasonic-crossed    caught, 10 other      caught, 6 other       
stepper-in4-floating  caught, 11 other      caught, 5 other       
unbuildable-value     MISSED, 11 other      MISSED, 4 other       
ground-stranded       caught, 6 other       caught, 6 other       

graph        6 of 7 defects · 6 findings on the clean board · 60 extra on the seeded ones
single       5 of 7 defects · 4 findings on the clean board · 30 extra on the seeded ones

usage {'calls': 44, 'cached': 0, 'tokens_in': 154468, 'tokens_out': 104924, 'dollars': 0.08612, 'seconds': 251.0}
wrote C:\Users\pratham\Documents\pcb-eval\results\sweep-20260906-071211.json
